+ mkdir templates-dir
+ echo 'Hello template'
+ ADR_TEMPLATES_DIR=templates-dir
+ export ADR_TEMPLATES_DIR
+ adr new Example
doc/adr/0001-example.md
+ head -1 doc/adr/0001-example.md
Hello template
