echo "adoc" > .adr-file-type
adr new First Record
doc/adr/0001-first-record.adoc
mkdir subdir
cd subdir
adr new Second Record
../doc/adr/0002-second-record.adoc
adr list
../doc/adr/0001-first-record.adoc
../doc/adr/0002-second-record.adoc
cd ..
adr list
doc/adr/0001-first-record.adoc
doc/adr/0002-second-record.adoc
