echo "adoc" > .adr-file-type
adr new First Decision
doc/adr/0001-first-decision.adoc
adr new Second Decision
doc/adr/0002-second-decision.adoc
adr new Third Decision
doc/adr/0003-third-decision.adoc
adr generate toc
= Architecture Decision Records

* link:0001-first-decision.adoc[1. First Decision]
* link:0002-second-decision.adoc[2. Second Decision]
* link:0003-third-decision.adoc[3. Third Decision]
