echo "adoc" > .adr-file-type
adr list
The doc/adr directory does not exist
adr new first
doc/adr/0001-first.adoc
adr list
doc/adr/0001-first.adoc
adr new second
doc/adr/0002-second.adoc
adr list
doc/adr/0001-first.adoc
doc/adr/0002-second.adoc
adr new third
doc/adr/0003-third.adoc
adr list
doc/adr/0001-first.adoc
doc/adr/0002-second.adoc
doc/adr/0003-third.adoc

