echo "adoc" > .adr-file-type
adr new First Record
doc/adr/0001-first-record.adoc
adr new -s 1 Second Record
doc/adr/0002-second-record.adoc
head -10 doc/adr/0001-first-record.adoc
= 1. First Record

Date: 1992-01-12

== Status

Superceded by link:0002-second-record.adoc[2. Second Record]

== Context

head -12 doc/adr/0002-second-record.adoc
= 2. Second Record

Date: 1992-01-12

== Status

Accepted

Supercedes link:0001-first-record.adoc[1. First Record]

== Context


