adr new -n 52 The First Decision
doc/adr/0052-the-first-decision.md
cat doc/adr/0052-the-first-decision.md
# 52. The First Decision

Date: 1992-01-12

## Status

Accepted

## Context

The issue motivating this decision, and any context that influences or constrains the decision.

## Decision

The change that we're proposing or have agreed to implement.

## Consequences

What becomes easier or more difficult to do and any risks introduced by the change that will need to be mitigated.
