adr new The First Decision
doc/adr/0001-the-first-decision.md
cat doc/adr/0001-the-first-decision.md
# 1. The First Decision

Date: 1992-01-12

## Status

Accepted

## Context

<what is the issue that we're seeing that is motivating this decision or change.>

## Decision

<what is the change that we're actually proposing or doing.>

## Consequences

<what becomes easier or more difficult to do because of this change.>
