adr new First Decision
doc/adr/0001-first-decision.md
adr new Second Decision
doc/adr/0002-second-decision.md
adr new Third Decision
doc/adr/0003-third-decision.md
adr generate toc
# Architecture Decision Records

* [1. First Decision](0001-first-decision.md)
* [2. Second Decision](0002-second-decision.md)
* [3. Third Decision](0003-third-decision.md)
adr generate toc -r
# Architecture Decision Records

* [3. Third Decision](0003-third-decision.md)
* [2. Second Decision](0002-second-decision.md)
* [1. First Decision](0001-first-decision.md)
