adr init "test doc/adr"
test doc/adr/0001-record-architecture-decisions.md
