ln -s ../../../src/adr adr
./adr | head -1
usage: adr help COMMAND [ARG] ...
