adr new First Record
doc/adr/0001-first-record.md
adr new -s 1 Second Record
doc/adr/0002-second-record.md
head -10 doc/adr/0001-first-record.md
# 1. First Record

Date: 1992-01-12

## Status

Superseded by [2. Second Record](0002-second-record.md)

## Context

head -12 doc/adr/0002-second-record.md
# 2. Second Record

Date: 1992-01-12

## Status

Accepted

Supersedes [1. First Record](0001-first-record.md)

## Context


