adr new First Decision
doc/adr/0001-first-decision.md
adr new Second Decision
doc/adr/0002-second-decision.md
adr new Third Decision
doc/adr/0003-third-decision.md
adr toc
cat doc/adr/0000-contents.md
# Architecture Decision Records

* [1. First Decision](0001-first-decision.md)
* [2. Second Decision](0002-second-decision.md)
* [3. Third Decision](0003-third-decision.md)
